// Jest Snapshot v1, https://goo.gl/fbAQLP

exports[`should render ExpenseList with NO expenses and message 1`] = `
<div>
  <p>
    No expenses
  </p>
</div>
`;

exports[`should render ExpenseList with expenses 1`] = `
<div>
  <ExpenseListItem
    amount={195}
    createdAt={0}
    description="Gum"
    id="1"
    key="1"
    note=""
  />
  <ExpenseListItem
    amount={295}
    createdAt={259200000}
    description="Coffee"
    id="2"
    key="2"
    note=""
  />
  <ExpenseListItem
    amount={291000}
    createdAt={-345600000}
    description="credit card"
    id="3"
    key="3"
    note=""
  />
</div>
`;
